\BOOKMARK [0][-]{chapter.1}{\376\377\000T\000h\000e\000\040\000B\000a\000c\000k\000e\000n\000d\000\040\000A\000r\000c\000h\000i\000t\000e\000c\000t\000u\000r\000e\000\040\000\050\000T\000h\000e\000\040\000N\000e\000r\000v\000o\000u\000s\000\040\000S\000y\000s\000t\000e\000m\000\051}{}% 1
\BOOKMARK [1][-]{section.1.1}{\376\377\000T\000h\000e\000\040\000C\000o\000r\000e\000\040\000P\000i\000p\000e\000l\000i\000n\000e}{chapter.1}% 2
\BOOKMARK [0][-]{chapter.2}{\376\377\000C\000o\000n\000f\000i\000g\000u\000r\000a\000t\000i\000o\000n\000\040\000\046\000\040\000D\000a\000t\000a\000b\000a\000s\000e\000\040\000F\000o\000u\000n\000d\000a\000t\000i\000o\000n\000s}{}% 3
\BOOKMARK [1][-]{section.2.1}{\376\377\000C\000o\000n\000f\000i\000g\000u\000r\000a\000t\000i\000o\000n\000:\000\040\000p\000a\000c\000k\000a\000g\000e\000.\000j\000s\000o\000n\000\040\000a\000n\000d\000\040\000.\000e\000n\000v}{chapter.2}% 4
\BOOKMARK [1][-]{section.2.2}{\376\377\000D\000a\000t\000a\000b\000a\000s\000e\000\040\000C\000o\000n\000n\000e\000c\000t\000o\000r\000:\000\040\000c\000o\000n\000f\000i\000g\000/\000d\000b\000.\000j\000s}{chapter.2}% 5
\BOOKMARK [1][-]{section.2.3}{\376\377\000O\000p\000t\000i\000m\000i\000z\000e\000d\000\040\000M\000e\000m\000o\000r\000y\000\040\000S\000c\000h\000e\000m\000a\000:\000\040\000m\000o\000d\000e\000l\000s\000/\000T\000h\000r\000e\000a\000t\000E\000v\000e\000n\000t\000.\000j\000s}{chapter.2}% 6
\BOOKMARK [0][-]{chapter.3}{\376\377\000T\000h\000e\000\040\000S\000c\000r\000a\000p\000e\000r\000s\000\040\000\050\000S\000e\000n\000s\000o\000r\000y\000\040\000R\000e\000c\000e\000p\000t\000o\000r\000s\000\051}{}% 7
\BOOKMARK [1][-]{section.3.1}{\376\377\000S\000c\000r\000a\000p\000e\000r\000\040\000D\000e\000t\000a\000i\000l\000s\000\040\000\046\000\040\000A\000l\000g\000o\000r\000i\000t\000h\000m\000s}{chapter.3}% 8
\BOOKMARK [2][-]{subsection.3.1.1}{\376\377\0001\000.\000\040\000C\000h\000e\000c\000k\000p\000o\000i\000n\000t\000\040\000\050\000s\000e\000r\000v\000i\000c\000e\000s\000/\000s\000c\000r\000a\000p\000e\000r\000s\000/\000c\000h\000e\000c\000k\000p\000o\000i\000n\000t\000.\000j\000s\000\051}{section.3.1}% 9
\BOOKMARK [2][-]{subsection.3.1.2}{\376\377\0002\000.\000\040\000B\000i\000t\000d\000e\000f\000e\000n\000d\000e\000r\000\040\000\050\000s\000e\000r\000v\000i\000c\000e\000s\000/\000s\000c\000r\000a\000p\000e\000r\000s\000/\000b\000i\000t\000d\000e\000f\000e\000n\000d\000e\000r\000.\000j\000s\000\051}{section.3.1}% 10
\BOOKMARK [2][-]{subsection.3.1.3}{\376\377\0003\000.\000\040\000C\0002\000\040\000T\000r\000a\000c\000k\000e\000r\000\040\000\050\000s\000e\000r\000v\000i\000c\000e\000s\000/\000s\000c\000r\000a\000p\000e\000r\000s\000/\000c\0002\000t\000r\000a\000c\000k\000e\000r\000.\000j\000s\000\051}{section.3.1}% 11
\BOOKMARK [2][-]{subsection.3.1.4}{\376\377\0004\000.\000\040\000A\000l\000i\000e\000n\000V\000a\000u\000l\000t\000\040\000O\000T\000X\000\040\000\050\000s\000e\000r\000v\000i\000c\000e\000s\000/\000s\000c\000r\000a\000p\000e\000r\000s\000/\000a\000l\000i\000e\000n\000v\000a\000u\000l\000t\000.\000j\000s\000\051}{section.3.1}% 12
\BOOKMARK [2][-]{subsection.3.1.5}{\376\377\0005\000.\000\040\000F\000o\000r\000t\000i\000n\000e\000t\000\040\000\050\000s\000e\000r\000v\000i\000c\000e\000s\000/\000s\000c\000r\000a\000p\000e\000r\000s\000/\000f\000o\000r\000t\000i\000n\000e\000t\000.\000j\000s\000\051}{section.3.1}% 13
\BOOKMARK [2][-]{subsection.3.1.6}{\376\377\0006\000.\000\040\000K\000a\000s\000p\000e\000r\000s\000k\000y\000\040\000/\000\040\000F\000e\000o\000d\000o\000\040\000T\000r\000a\000c\000k\000e\000r\000\040\000\050\000s\000e\000r\000v\000i\000c\000e\000s\000/\000s\000c\000r\000a\000p\000e\000r\000s\000/\000k\000a\000s\000p\000e\000r\000s\000k\000y\000.\000j\000s\000\051}{section.3.1}% 14
\BOOKMARK [2][-]{subsection.3.1.7}{\376\377\0007\000.\000\040\000M\000I\000S\000P\000\040\000G\000a\000l\000a\000x\000y\000\040\000\050\000s\000e\000r\000v\000i\000c\000e\000s\000/\000s\000c\000r\000a\000p\000e\000r\000s\000/\000m\000i\000s\000p\000-\000g\000a\000l\000a\000x\000y\000.\000j\000s\000\051}{section.3.1}% 15
\BOOKMARK [2][-]{subsection.3.1.8}{\376\377\0008\000.\000\040\000R\000a\000n\000s\000o\000m\000W\000a\000t\000c\000h\000\040\000\050\000s\000e\000r\000v\000i\000c\000e\000s\000/\000s\000c\000r\000a\000p\000e\000r\000s\000/\000r\000a\000n\000s\000o\000m\000w\000a\000t\000c\000h\000.\000j\000s\000\051}{section.3.1}% 16
\BOOKMARK [2][-]{subsection.3.1.9}{\376\377\0009\000.\000\040\000U\000R\000L\000h\000a\000u\000s\000\040\000\050\000s\000e\000r\000v\000i\000c\000e\000s\000/\000s\000c\000r\000a\000p\000e\000r\000s\000/\000u\000r\000l\000h\000a\000u\000s\000.\000j\000s\000\051}{section.3.1}% 17
\BOOKMARK [0][-]{chapter.4}{\376\377\000S\000e\000c\000t\000o\000r\000\040\000E\000n\000r\000i\000c\000h\000m\000e\000n\000t\000\040\000\046\000\040\000I\000P\000\040\000O\000r\000g\000a\000n\000i\000z\000a\000t\000i\000o\000n\000\040\000L\000o\000o\000k\000u\000p\000s}{}% 18
\BOOKMARK [1][-]{section.4.1}{\376\377\000M\000o\000d\000e\000r\000n\000\040\000W\000H\000O\000I\000S\000\040\000L\000o\000o\000k\000u\000p\000s\000:\000\040\000R\000D\000A\000P\000\040\000P\000r\000o\000t\000o\000c\000o\000l\000\040\000w\000i\000t\000h\000\040\000C\000a\000c\000h\000e}{chapter.4}% 19
\BOOKMARK [1][-]{section.4.2}{\376\377\000S\000e\000c\000t\000o\000r\000\040\000C\000l\000a\000s\000s\000i\000f\000i\000c\000a\000t\000i\000o\000n\000\040\000L\000o\000g\000i\000c}{chapter.4}% 20
\BOOKMARK [0][-]{chapter.5}{\376\377\000T\000h\000e\000\040\000O\000r\000c\000h\000e\000s\000t\000r\000a\000t\000o\000r\000\040\000\050\000s\000e\000r\000v\000e\000r\000.\000j\000s\000\051}{}% 21
\BOOKMARK [1][-]{section.5.1}{\376\377\000T\000h\000e\000\040\000B\000a\000t\000c\000h\000i\000n\000g\000\040\000P\000i\000p\000e\000l\000i\000n\000e}{chapter.5}% 22
\BOOKMARK [1][-]{section.5.2}{\376\377\000T\000h\000e\000\040\000D\000a\000t\000a\000b\000a\000s\000e\000\040\000Q\000u\000o\000t\000a\000\040\000M\000o\000n\000i\000t\000o\000r}{chapter.5}% 23
\BOOKMARK [1][-]{section.5.3}{\376\377\000R\000E\000S\000T\000\040\000A\000P\000I\000\040\000E\000n\000d\000p\000o\000i\000n\000t\000s}{chapter.5}% 24
\BOOKMARK [0][-]{chapter.6}{\376\377\000A\000c\000t\000i\000v\000e\000\040\000R\000e\000c\000a\000l\000l\000\040\000\046\000\040\000M\000e\000m\000o\000r\000y\000\040\000C\000o\000n\000s\000o\000l\000i\000d\000a\000t\000i\000o\000n}{}% 25
\BOOKMARK [1][-]{section.6.1}{\376\377\000Q\000u\000i\000c\000k\000-\000F\000i\000r\000e\000\040\000Q\000u\000e\000s\000t\000i\000o\000n\000s}{chapter.6}% 26
\BOOKMARK [1][-]{section.6.2}{\376\377\000M\000e\000n\000t\000a\000l\000\040\000E\000x\000e\000r\000c\000i\000s\000e\000s}{chapter.6}% 27
\BOOKMARK [1][-]{section.6.3}{\376\377\000A\000n\000s\000w\000e\000r\000\040\000K\000e\000y}{chapter.6}% 28
