\BOOKMARK [0][-]{chapter.1}{\376\377\000T\000h\000e\000\040\000F\000r\000o\000n\000t\000e\000n\000d\000\040\000I\000n\000t\000e\000r\000f\000a\000c\000e\000\040\000\050\000T\000h\000e\000\040\000S\000e\000n\000s\000o\000r\000y\000\040\000D\000i\000s\000p\000l\000a\000y\000\051}{}% 1
\BOOKMARK [1][-]{section.1.1}{\376\377\000T\000h\000e\000\040\000C\000o\000r\000e\000\040\000T\000e\000c\000h\000\040\000S\000t\000a\000c\000k}{chapter.1}% 2
\BOOKMARK [1][-]{section.1.2}{\376\377\000T\000h\000e\000\040\000I\000n\000t\000e\000r\000f\000a\000c\000e\000\040\000V\000i\000e\000w\000s}{chapter.1}% 3
\BOOKMARK [0][-]{chapter.2}{\376\377\000S\000t\000a\000t\000e\000\040\000M\000a\000n\000a\000g\000e\000m\000e\000n\000t\000\040\000\046\000\040\000E\000v\000e\000n\000t\000\040\000I\000n\000g\000e\000s\000t\000i\000o\000n}{}% 4
\BOOKMARK [1][-]{section.2.1}{\376\377\000S\000t\000a\000t\000e\000\040\000V\000a\000r\000i\000a\000b\000l\000e\000s\000\040\000\046\000\040\000D\000a\000t\000a\000\040\000M\000o\000d\000e\000l\000s}{chapter.2}% 5
\BOOKMARK [1][-]{section.2.2}{\376\377\000T\000h\000e\000\040\000S\000S\000E\000\040\000C\000o\000n\000n\000e\000c\000t\000i\000o\000n\000\040\000P\000i\000p\000e\000l\000i\000n\000e}{chapter.2}% 6
\BOOKMARK [1][-]{section.2.3}{\376\377\000E\000x\000p\000o\000n\000e\000n\000t\000i\000a\000l\000\040\000R\000e\000c\000o\000n\000n\000e\000c\000t\000i\000o\000n\000\040\000B\000a\000c\000k\000o\000f\000f}{chapter.2}% 7
\BOOKMARK [0][-]{chapter.3}{\376\377\000V\000i\000s\000u\000a\000l\000\040\000P\000e\000r\000f\000o\000r\000m\000a\000n\000c\000e\000\040\000O\000p\000t\000i\000m\000i\000z\000a\000t\000i\000o\000n\000s}{}% 8
\BOOKMARK [1][-]{section.3.1}{\376\377\0001\000.\000\040\000D\000y\000n\000a\000m\000i\000c\000\040\000A\000d\000a\000p\000t\000i\000v\000e\000\040\000S\000a\000m\000p\000l\000i\000n\000g\000\040\000\050\000F\000P\000S\000\040\000G\000u\000a\000r\000d\000\051}{chapter.3}% 9
\BOOKMARK [1][-]{section.3.2}{\376\377\0002\000.\000\040\000S\000t\000a\000g\000e\000d\000\040\000B\000a\000t\000c\000h\000\040\000T\000h\000r\000o\000t\000t\000l\000i\000n\000g}{chapter.3}% 10
\BOOKMARK [1][-]{section.3.3}{\376\377\0003\000.\000\040\000H\000a\000r\000d\000\040\000V\000i\000s\000u\000a\000l\000\040\000L\000i\000m\000i\000t\000s}{chapter.3}% 11
\BOOKMARK [1][-]{section.3.4}{\376\377\0004\000.\000\040\000G\000e\000o\000m\000e\000t\000r\000y\000\040\000C\000a\000l\000c\000u\000l\000a\000t\000i\000o\000n\000s\000:\000\040\000T\000h\000e\000\040\000A\000r\000c\000\040\000P\000a\000t\000h}{chapter.3}% 12
\BOOKMARK [0][-]{chapter.4}{\376\377\000T\000h\000e\000\040\000S\000T\000I\000X\000\040\000I\000n\000t\000e\000l\000l\000i\000g\000e\000n\000c\000e\000\040\000E\000n\000g\000i\000n\000e}{}% 13
\BOOKMARK [1][-]{section.4.1}{\376\377\000S\000T\000I\000X\000\040\000B\000u\000n\000d\000l\000e\000\040\000P\000a\000r\000s\000i\000n\000g}{chapter.4}% 14
\BOOKMARK [1][-]{section.4.2}{\376\377\000M\000I\000T\000R\000E\000\040\000A\000T\000T\000\046\000C\000K\000\040\000K\000i\000l\000l\000\040\000C\000h\000a\000i\000n\000\040\000M\000a\000p\000p\000i\000n\000g}{chapter.4}% 15
\BOOKMARK [1][-]{section.4.3}{\376\377\000I\000n\000d\000i\000c\000a\000t\000o\000r\000\040\000o\000f\000\040\000C\000o\000m\000p\000r\000o\000m\000i\000s\000e\000\040\000\050\000I\000O\000C\000\051\000\040\000C\000l\000a\000s\000s\000i\000f\000i\000c\000a\000t\000i\000o\000n}{chapter.4}% 16
\BOOKMARK [0][-]{chapter.5}{\376\377\000T\000h\000e\000\040\000F\000u\000l\000l\000s\000t\000a\000c\000k\000\040\000S\000y\000n\000a\000p\000s\000e}{}% 17
\BOOKMARK [1][-]{section.5.1}{\376\377\000T\000h\000e\000\040\000D\000a\000t\000a\000\040\000K\000e\000y\000\040\000M\000a\000p\000p\000i\000n\000g\000\040\000M\000a\000t\000r\000i\000x}{chapter.5}% 18
\BOOKMARK [1][-]{section.5.2}{\376\377\000T\000h\000e\000\040\000E\000x\000c\000e\000l\000\040\000E\000x\000p\000o\000r\000t\000\040\000P\000i\000p\000e\000l\000i\000n\000e}{chapter.5}% 19
\BOOKMARK [0][-]{chapter.6}{\376\377\000A\000c\000t\000i\000v\000e\000\040\000R\000e\000c\000a\000l\000l\000\040\000\046\000\040\000M\000e\000m\000o\000r\000y\000\040\000C\000o\000n\000s\000o\000l\000i\000d\000a\000t\000i\000o\000n}{}% 20
\BOOKMARK [1][-]{section.6.1}{\376\377\0002\0005\000\040\000C\000o\000r\000e\000\040\000S\000t\000u\000d\000y\000\040\000Q\000u\000e\000s\000t\000i\000o\000n\000s}{chapter.6}% 21
\BOOKMARK [1][-]{section.6.2}{\376\377\000A\000n\000s\000w\000e\000r\000\040\000K\000e\000y\000\040\000\046\000\040\000E\000x\000p\000l\000a\000n\000a\000t\000i\000o\000n\000s}{chapter.6}% 22
